// Jest Snapshot v1, https://goo.gl/fbAQLP

exports[`Container should match snapshot 1`] = `
<div>
  <div
    class="jsx-3403093102 product-grid"
    data-testid="product-grid"
  />
</div>
`;
